// Jest Snapshot v1, https://goo.gl/fbAQLP

exports[`DisconnectWalletModal snapshots should match snapshots 1`] = `
<div>
  <div
    class="p-4 flex justify-between items-center"
  >
    <span
      class="text-base"
    >
      Disconnect
    </span>
    <button
      class="bg-gray-700 hover:bg-gray-500 text-white p-2 rounded-lg text-sm"
    >
      Logout
    </button>
  </div>
</div>
`;

exports[`DisconnectWalletModal snapshots should match snapshots with isOpen is false 1`] = `
<div>
  <div
    class="p-4 flex justify-between items-center"
  >
    <span
      class="text-base"
    >
      Disconnect
    </span>
    <button
      class="bg-gray-700 hover:bg-gray-500 text-white p-2 rounded-lg text-sm"
    >
      Logout
    </button>
  </div>
</div>
`;
